// Jest Snapshot v1, https://goo.gl/fbAQLP

exports[`[COMPONENT] ArabicInputComponent matches snapshot 1`] = `
<div
  class="MuiFormControl-root MuiFormControl-marginNormal MuiFormControl-fullWidth MuiTextField-root css-17vbkzs-MuiFormControl-root-MuiTextField-root"
  data-testid="arabic-input"
>
  <label
    class="MuiInputLabel-root MuiInputLabel-formControl MuiInputLabel-animated MuiInputLabel-shrink MuiInputLabel-outlined MuiFormLabel-root MuiFormLabel-colorPrimary MuiFormLabel-filled Mui-required css-1sumxir-MuiFormLabel-root-MuiInputLabel-root"
    data-shrink="true"
    for=":r0:"
    id=":r0:-label"
  >
    Arabic number
    <span
      aria-hidden="true"
      class="MuiInputLabel-asterisk MuiFormLabel-asterisk css-wgai2y-MuiFormLabel-asterisk"
    >
       
      *
    </span>
  </label>
  <div
    class="MuiOutlinedInput-root MuiInputBase-root MuiInputBase-colorPrimary MuiInputBase-fullWidth MuiInputBase-formControl css-md26zr-MuiInputBase-root-MuiOutlinedInput-root"
  >
    <input
      aria-invalid="false"
      class="MuiOutlinedInput-input MuiInputBase-input css-1t8l2tu-MuiInputBase-input-MuiOutlinedInput-input"
      id=":r0:"
      min="1"
      required=""
      step="1"
      type="number"
      value="1"
    />
    <fieldset
      aria-hidden="true"
      class="MuiOutlinedInput-notchedOutline css-1d3z3hw-MuiOutlinedInput-notchedOutline"
    >
      <legend
        class="css-1in441m"
      >
        <span>
          Arabic number
           
          *
        </span>
      </legend>
    </fieldset>
  </div>
</div>
`;
